// Jest Snapshot v1, https://goo.gl/fbAQLP

exports[`LandingPage should match snapshot 1`] = `
<div
  className="landing-page"
/>
`;
