// Jest Snapshot v1, https://goo.gl/fbAQLP

exports[`GameApp should match snapshot 1`] = `
<div
  className="game-app"
>
  <div
    className="wrapper"
  >
    <div
      className="landing-page"
    />
  </div>
</div>
`;
